src/features/admin/components/RoleManagement.tsx(53,59): error TS2339: Property 'displayName' does not exist on type 'Role'.
  Property 'displayName' does not exist on type '"ADMIN"'.
src/features/admin/components/RoleManagement.tsx(54,15): error TS2339: Property 'isSystem' does not exist on type 'Role'.
  Property 'isSystem' does not exist on type '"ADMIN"'.
src/features/admin/components/RoleManagement.tsx(58,55): error TS2339: Property 'description' does not exist on type 'Role'.
  Property 'description' does not exist on type '"ADMIN"'.
src/features/admin/components/RoleManagement.tsx(61,67): error TS2339: Property 'permissions' does not exist on type 'Role'.
  Property 'permissions' does not exist on type '"ADMIN"'.
src/features/admin/components/RoleManagement.tsx(96,33): error TS2339: Property 'id' does not exist on type 'Role'.
  Property 'id' does not exist on type '"ADMIN"'.
src/features/admin/components/UserManagement.tsx(6,10): error TS2305: Module '"@/lib/utils"' has no exported member 'formatDistanceToNow'.
src/features/admin/components/UserManagement.tsx(48,27): error TS2304: Cannot find name 'useState'.
src/features/admin/components/UserManagement.tsx(49,31): error TS2304: Cannot find name 'useState'.
src/features/admin/components/UserManagement.tsx(97,54): error TS18048: 'data.meta' is possibly 'undefined'.
src/features/ai-copilot/components/AICopilotPanel.tsx(57,13): error TS2322: Type '(content: string, command?: AICommand) => Promise<void>' is not assignable to type '(command: AICommand, prompt: string) => void'.
  Types of parameters 'command' and 'prompt' are incompatible.
    Type 'string' is not assignable to type 'AICommand | undefined'.
src/features/compliance/components/AuditLogTable.tsx(7,10): error TS2305: Module '"@/lib/utils"' has no exported member 'formatDistanceToNow'.
src/features/credit-analysis/components/FinancialCharts.tsx(38,17): error TS2322: Type '(value: number) => [string, string]' is not assignable to type 'Formatter<ValueType, NameType> & ((value: ValueType, name: NameType, item: TooltipPayloadEntry, index: number, payload: TooltipPayload) => ReactNode | [...])'.
  Type '(value: number) => [string, string]' is not assignable to type 'Formatter<ValueType, NameType>'.
    Types of parameters 'value' and 'value' are incompatible.
      Type 'ValueType | undefined' is not assignable to type 'number'.
        Type 'undefined' is not assignable to type 'number'.
src/features/credit-analysis/components/FinancialCharts.tsx(80,17): error TS2322: Type '(value: number) => [string, string]' is not assignable to type 'Formatter<ValueType, NameType> & ((value: ValueType, name: NameType, item: TooltipPayloadEntry, index: number, payload: TooltipPayload) => ReactNode | [...])'.
  Type '(value: number) => [string, string]' is not assignable to type 'Formatter<ValueType, NameType>'.
    Types of parameters 'value' and 'value' are incompatible.
      Type 'ValueType | undefined' is not assignable to type 'number'.
        Type 'undefined' is not assignable to type 'number'.
src/features/credit-analysis/components/FinancialCharts.tsx(116,17): error TS2322: Type '(value: number) => [string, string]' is not assignable to type 'Formatter<ValueType, NameType> & ((value: ValueType, name: NameType, item: TooltipPayloadEntry, index: number, payload: TooltipPayload) => ReactNode | [...])'.
  Type '(value: number) => [string, string]' is not assignable to type 'Formatter<ValueType, NameType>'.
    Types of parameters 'value' and 'value' are incompatible.
      Type 'ValueType | undefined' is not assignable to type 'number'.
        Type 'undefined' is not assignable to type 'number'.
src/features/credit-analysis/components/FinancialCharts.tsx(154,17): error TS2322: Type '(value: number) => [string, string]' is not assignable to type 'Formatter<ValueType, NameType> & ((value: ValueType, name: NameType, item: TooltipPayloadEntry, index: number, payload: TooltipPayload) => ReactNode | [...])'.
  Type '(value: number) => [string, string]' is not assignable to type 'Formatter<ValueType, NameType>'.
    Types of parameters 'value' and 'value' are incompatible.
      Type 'ValueType | undefined' is not assignable to type 'number'.
        Type 'undefined' is not assignable to type 'number'.
src/features/credit-analysis/components/FinancialCharts.tsx(190,17): error TS2322: Type '(value: number) => [string, string]' is not assignable to type 'Formatter<ValueType, NameType> & ((value: ValueType, name: NameType, item: TooltipPayloadEntry, index: number, payload: TooltipPayload) => ReactNode | [...])'.
  Type '(value: number) => [string, string]' is not assignable to type 'Formatter<ValueType, NameType>'.
    Types of parameters 'value' and 'value' are incompatible.
      Type 'ValueType | undefined' is not assignable to type 'number'.
        Type 'undefined' is not assignable to type 'number'.
src/features/credit-analysis/components/FinancialCharts.tsx(226,17): error TS2322: Type '(value: number) => [string, string]' is not assignable to type 'Formatter<ValueType, NameType> & ((value: ValueType, name: NameType, item: TooltipPayloadEntry, index: number, payload: TooltipPayload) => ReactNode | [...])'.
  Type '(value: number) => [string, string]' is not assignable to type 'Formatter<ValueType, NameType>'.
    Types of parameters 'value' and 'value' are incompatible.
      Type 'ValueType | undefined' is not assignable to type 'number'.
        Type 'undefined' is not assignable to type 'number'.
src/features/risk-monitoring/components/AlertDetailDrawer.tsx(110,22): error TS2339: Property 'resolution' does not exist on type 'RiskAlert'.
src/features/risk-monitoring/components/AlertDetailDrawer.tsx(113,49): error TS2339: Property 'resolution' does not exist on type 'RiskAlert'.
src/features/visits/components/VisitFilters.tsx(66,89): error TS2322: Type 'string | null | undefined' is not assignable to type 'string | undefined'.
  Type 'null' is not assignable to type 'string | undefined'.
src/lib/mock-data.ts(399,7): error TS2739: Type '{ id: string; companyId: string; companyName: string; category: "FINANCIAL"; severity: "HIGH"; title: string; description: string; createdAt: string; }' is missing the following properties from type 'RiskAlert': updatedAt, createdBy, updatedBy
src/lib/mock-data.ts(400,7): error TS2739: Type '{ id: string; companyId: string; companyName: string; category: "COMPLIANCE"; severity: "MEDIUM"; title: string; description: string; createdAt: string; }' is missing the following properties from type 'RiskAlert': updatedAt, createdBy, updatedBy
src/lib/mock-data.ts(1300,46): error TS2304: Cannot find name 'CommitteeStatus'.
src/lib/mock-data.ts(1339,45): error TS2304: Cannot find name 'CollateralType'.
src/lib/mock-data.ts(1349,47): error TS2304: Cannot find name 'CollateralStatus'.
src/lib/mock-data.ts(1713,3): error TS2322: Type '{ id: string; name: string; displayName: string; description: string; permissions: string[]; isSystem: true; createdAt: string; updatedAt: string; }' is not assignable to type 'Role'.
src/lib/mock-data.ts(1723,3): error TS2322: Type '{ id: string; name: string; displayName: string; description: string; permissions: string[]; isSystem: true; createdAt: string; updatedAt: string; }' is not assignable to type 'Role'.
src/lib/mock-data.ts(1733,3): error TS2322: Type '{ id: string; name: string; displayName: string; description: string; permissions: string[]; isSystem: true; createdAt: string; updatedAt: string; }' is not assignable to type 'Role'.
src/lib/mock-data.ts(1743,3): error TS2322: Type '{ id: string; name: string; displayName: string; description: string; permissions: string[]; isSystem: true; createdAt: string; updatedAt: string; }' is not assignable to type 'Role'.
src/lib/mock-data.ts(1753,3): error TS2322: Type '{ id: string; name: string; displayName: string; description: string; permissions: string[]; isSystem: true; createdAt: string; updatedAt: string; }' is not assignable to type 'Role'.
src/lib/mock-data.ts(1763,3): error TS2322: Type '{ id: string; name: string; displayName: string; description: string; permissions: string[]; isSystem: true; createdAt: string; updatedAt: string; }' is not assignable to type 'Role'.
src/lib/mock-data.ts(1773,3): error TS2322: Type '{ id: string; name: string; displayName: string; description: string; permissions: string[]; isSystem: true; createdAt: string; updatedAt: string; }' is not assignable to type 'Role'.
src/types/index.ts(1,13): error TS2300: Duplicate identifier 'Role'.
src/types/index.ts(688,18): error TS2300: Duplicate identifier 'Role'.
